---
source: tests/tui_submit_modal.rs
expression: "redact_version(screen(&app_with_drafts(2), 50, 16))"
---
 betterreview  owner/repo #42 · Review terminal · 
                                                  
┌ [3] Diff ──────────────────────────────────────┐
│ Car╭ Enviar revisão · COMENTAR ───────────╮    │
│    │ 2 drafts serão publicados            │    │
│    │                                      │    │
│    │ Resumo                               │    │
│    │ Ready to merge▌                      │    │
│    │                                      │    │
│    │ aprovar · pedir mudanças · [COMENTAR]│    │
│    │                                      │    │
│    │Tab veredito · Enter enviar · ⌥Enter n│    │
│    ╰──────────────────────────────────────╯    │
│                                                │
└────────────────────────────────────────────────┘
 0/1 revisados · 2 drafts · 0 operações      j/k …
