---
source: tests/tui_navigation.rs
expression: "screen(&app(), 80, 24)"
---
 GitHub owner/repo #42 — Add terminal review — by developer
┌ Arquivos — e expandir / z r┐┌ Diff ──────────────────────────────────────────┐
│src/                        ││    8 -old                                      │
│[x] M app.rs           +1 -1││    8 +new                                      │
│[~] A new.rs              +1││                                                │
│                            ││                                                │
│                            ││                                                │
│                            ││                                                │
│                            ││                                                │
│                            ││                                                │
│                            ││                                                │
│                            ││                                                │
│                            ││                                                │
│                            ││                                                │
│                            ││                                                │
│                            ││                                                │
│                            ││                                                │
│                            ││                                                │
│                            ││                                                │
│                            ││                                                │
│                            ││                                                │
└────────────────────────────┘└────────────────────────────────────────────────┘
 1/2 revisados · 0 drafts · 0 operações
 Tab/h/l foco  j/k mover  ]f/[f arquivo  m revisado  e expandir  R enviar  ? aju
