---
source: tests/tui_navigation.rs
expression: "screen(&app(), 50, 16)"
---
 GitHub owner/repo #42 — Add terminal review — by
┌ Diff ──────────────────────────────────────────┐
│    8 -old                                      │
│    8 +new                                      │
│                                                │
│                                                │
│                                                │
│                                                │
│                                                │
│                                                │
│                                                │
│                                                │
│                                                │
└────────────────────────────────────────────────┘
 1/2 revisados · 0 drafts · 0 operações
 Tab/h/l foco  j/k mover  ]f/[f arquivo  m revisad
