---
source: tests/tui_submit_modal.rs
expression: "redact_version(screen(&app_with_drafts(3), 80, 24))"
---
 betterreview  owner/repo #42 · Review terminal · @dev                   vX.Y.Z 
                                                                                
┌─ [2] Files (0/1) ──────────┐┌─ [3] Diff ─────────────────────────────────────┐
│ ▾ src/                     ││ Loading diff…                                  │
│  [ ] M app.rs    0/1 +1 -1 ││                                                │
│                            ││                                                │
│                            ││                                                │
│       ┌ Submit review · COMMENT ─────────────────────────────────────┐       │
│       │ 3 drafts will be published                                   │       │
│       │                                                              │       │
│       │ Summary                                                      │       │
│       │ Ready to merge▌                                              │       │
│       │                                                              │       │
│       │            APPROVE     REQUEST CHANGES     COMMENT           │       │
│       │                                                              │       │
│       │        ⇥ verdict · ↵ submit · ⌥↵ new line · ⎋ cancel         │       │
│       └──────────────────────────────────────────────────────────────┘       │
│                            ││                                                │
│                            ││                                                │
│                            ││                                                │
│                            ││                                                │
│                            ││                                                │
└────────────────────────────┘└────────────────────────────────────────────────┘
 0/1 reviewed · 0/1 hunks · +1 -1 · auto · 3 drafts j/k · ]h hunk · ]c comment …
