---
source: tests/tui_submit_modal.rs
expression: "redact_version(screen(&app_with_drafts(3), 80, 24))"
---
 betterreview  owner/repo #42 · Review terminal · @dev                   vX.Y.Z 
                                                                                
┌ [2] Arquivos — e expandir /┐┌ [3] Diff ──────────────────────────────────────┐
│ ▾ src/                     ││ Carregando diff…                               │
│ [ ] M app.rs         +1 -1 ││                                                │
│       ╭ Enviar revisão ──────────────────────────────────────────────╮       │
│       │ 3 drafts serão publicados                                    │       │
│       │                                                              │       │
│       │ Resumo                                                       │       │
│       │ Ready to merge                                               │       │
│       │                                                              │       │
│       │ [COMENTAR]  APROVAR  PEDIR MUDANÇAS                          │       │
│       │                                                              │       │
│       │                                                              │       │
│       │ Comentar na revisão                                          │       │
│       │                                                              │       │
│       │                                                              │       │
│       │   Tab campo · ↑/↓ resultado · Enter enviar · Esc cancelar    │       │
│       ╰──────────────────────────────────────────────────────────────╯       │
│                            ││                                                │
│                            ││                                                │
│                            ││                                                │
└────────────────────────────┘└────────────────────────────────────────────────┘
 0/1 revisados · 3 drafts · 0 operações          j/k · ]h hunk · ]c comentário …
