---
source: tests/tui_navigation.rs
expression: "screen(&app(), 50, 16)"
---
 betterreview  owner/repo #42 · Add terminal revie
┌ [3] Diff ──────────────────────────────────────┐
│     8 -old                                     │
│     8 +new                                     │
│                                                │
│                                                │
│                                                │
│                                                │
│                                                │
│                                                │
│                                                │
│                                                │
│                                                │
│                                                │
└────────────────────────────────────────────────┘
 1/2 revisados · 0 drafts · 0 operações      j/k …
