---
source: tests/tui_navigation.rs
expression: "screen(&app(), 80, 24)"
---
 betterreview  owner/repo #42 · Add terminal review · @developer         v0.1.0
┌ [2] Arquivos — e expandir /┐┌ [3] Diff ──────────────────────────────────────┐
│ src/                       ││     8 -old                                     │
│ [x] M app.rs         +1 -1 ││     8 +new                                     │
│ [~] A new.rs            +1 ││                                                │
│                            ││                                                │
│                            ││                                                │
│                            ││                                                │
│                            ││                                                │
│                            ││                                                │
│                            ││                                                │
│                            ││                                                │
│                            ││                                                │
│                            ││                                                │
│                            ││                                                │
│                            ││                                                │
│                            ││                                                │
│                            ││                                                │
│                            ││                                                │
│                            ││                                                │
│                            ││                                                │
│                            ││                                                │
└────────────────────────────┘└────────────────────────────────────────────────┘
 1/2 revisados · 0 drafts · 0 operações          j/k · ]h hunk · ]c comentário …
