---
source: tests/tui_submit_modal.rs
expression: "screen(&app_with_drafts(3), 80, 24)"
---
 GitHub owner/repo #42 — Review terminal — by dev                               
┌ Files — e expand / z fold ─┐┌ Diff ──────────────────────────────────────────┐
│src/                        ││Loading diff...                                 │
│ M app.rs              +1 -1││                                                │
│                            ││                                                │
│    ┌ Submit review ─────────────────────────────────────────────────────┐    │
│    │3 drafts will be published                                          │    │
│    │                                                                    │    │
│    │Summary                                                             │    │
│    │Ready to merge                                                      │    │
│    │                                                                    │    │
│    │[COMMENT]  APPROVE  REQUEST_CHANGES                                 │    │
│    │                                                                    │    │
│    │                                                                    │    │
│    │Comment review                                                      │    │
│    │Tab field  ↑/↓ outcome                                              │    │
│    │Enter submit  Esc cancel                                            │    │
│    │                                                                    │    │
│    └────────────────────────────────────────────────────────────────────┘    │
│                            ││                                                │
│                            ││                                                │
└────────────────────────────┘└────────────────────────────────────────────────┘
 0/1 reviewed  •  3 drafts  •  0 operations                                     
 Tab/h/l focus  j/k move  ]f/[f file  m reviewed  e expand  R submit  ? help  q
