---
source: tests/tui_submit_modal.rs
expression: "redact_version(screen(&app_with_drafts(2), 50, 16))"
---
 betterreview  owner/repo #42 · Review terminal · 
                                                  
┌─ [3┌ Submit review · COMMENT ─────────────┐────┐
│ Loa│ 2 drafts will be published           │    │
│    │                                      │    │
│    │ ┌ Comment ─────────────────────────┐ │    │
│    │ │ Ready to merge▌                  │ │    │
│    │ └──────────────────────────────────┘ │    │
│    │                                      │    │
│    │  APPROVE   REQUEST CHANGES   COMMENT │    │
│    │                                      │    │
│    │⇥ verdict · ↵ submit · ⌥↵ new line · ⎋│    │
│    └──────────────────────────────────────┘    │
│                                                │
└────────────────────────────────────────────────┘
 0/1 reviewed · 0/1 hunks · +1 -1 · auto · 2 draft
