---
source: tests/tui_navigation.rs
expression: "redact_version(screen(&app(), 50, 16))"
---
 betterreview  owner/repo #42 · head · Add termina

┌─ [3] Diff ─────────────────────────────────────┐
│   8    │ -old                                  │
│ ▌    8 │ +new                                  │
│                                                │
│                                                │
│                                                │
│                                                │
│                                                │
│                                                │
│                                                │
│                                                │
│                                                │
└────────────────────────────────────────────────┘
 1/2 reviewed · 1/1 hunks · +2 -1 · auto     j/k …
