---
source: tests/tui_navigation.rs
expression: "redact_version(screen(&app(), 120, 36))"
---
 betterreview  owner/repo #42 · Add terminal review · @developer                                                 vX.Y.Z

┌ [2] Files ─────────────────┐┌ [3] Diff ──────────────────────────────────────────────────────────────────────────────┐
│ ▾ src/                     ││     8 -old                                                                             │
│ [x] M app.rs     1/1 +1 -1 ││     8 +new                                                                             │
│ [~] A new.rs            +1 ││                                                                                        │
│                            ││                                                                                        │
│                            ││                                                                                        │
│                            ││                                                                                        │
│                            ││                                                                                        │
│                            ││                                                                                        │
│                            ││                                                                                        │
│                            ││                                                                                        │
│                            ││                                                                                        │
│                            ││                                                                                        │
│                            ││                                                                                        │
│                            ││                                                                                        │
│                            ││                                                                                        │
│                            ││                                                                                        │
│                            ││                                                                                        │
│                            ││                                                                                        │
│                            ││                                                                                        │
│                            ││                                                                                        │
│                            ││                                                                                        │
│                            ││                                                                                        │
│                            ││                                                                                        │
│                            ││                                                                                        │
│                            ││                                                                                        │
│                            ││                                                                                        │
│                            ││                                                                                        │
│                            ││                                                                                        │
│                            ││                                                                                        │
│                            ││                                                                                        │
│                            ││                                                                                        │
└────────────────────────────┘└────────────────────────────────────────────────────────────────────────────────────────┘
 1/2 reviewed · 0 drafts · 0 operations  j/k · ]h hunk · ]c comment · / search · R submit · ? help · \ layout · Q list …
